../Core/Src/main.c:69:6:send_task	4	static
../Core/Src/main.c:81:5:main	104	static
../Core/Src/main.c:167:6:SystemClock_Config	72	static
../Core/Src/main.c:206:13:MX_USART2_UART_Init	8	static
../Core/Src/main.c:239:13:MX_GPIO_Init	40	static
../Core/Src/main.c:282:6:StartDefaultTask	24	static
../Core/Src/main.c:304:6:StartTask02	32	static
../Core/Src/main.c:331:6:StartTask03	24	static
../Core/Src/main.c:357:6:HAL_TIM_PeriodElapsedCallback	16	static
../Core/Src/main.c:374:6:Error_Handler	4	static,ignoring_inline_asm
